one
two
three
four
five
fifteen
zero
ten
eight
eighteen
six
seven
nine
fourteen
sixteen
seventeen
nineteen
twenty
twenty-one
thirty
thirty-eight
fierzig
fifundfierzig
